    Checking wraith v0.1.0 (/Datavault/00_Programs/unatracked/Wraith)
warning: unused import: `Serialize`
 --> src/core/storage.rs:2:35
  |
2 | use serde::{de::DeserializeOwned, Serialize};
  |                                   ^^^^^^^^^
  |
  = note: `#[warn(unused_imports)]` (part of `#[warn(unused)]`) on by default

warning: unused imports: `MessageStatus` and `Message`
 --> src/state/actions.rs:5:35
  |
5 | use crate::core::types::{Contact, Message, MessageStatus, TorStatus};
  |                                   ^^^^^^^  ^^^^^^^^^^^^^

warning: unused import: `crate::state::actions`
 --> src/ui/screens/home.rs:4:5
  |
4 | use crate::state::actions;
  |     ^^^^^^^^^^^^^^^^^^^^^

warning: unused import: `crate::ui::animations::presets`
 --> src/ui/screens/chat.rs:7:5
  |
7 | use crate::ui::animations::presets;
  |     ^^^^^^^^^^^^^^^^^^^^^^^^^^^^^^

warning: unused import: `crate::ui::theme::DARK`
 --> src/ui/components/avatar.rs:3:5
  |
3 | use crate::ui::theme::DARK;
  |     ^^^^^^^^^^^^^^^^^^^^^^

warning: unused import: `crate::ui::theme::DARK`
 --> src/ui/components/status_bar.rs:4:5
  |
4 | use crate::ui::theme::DARK;
  |     ^^^^^^^^^^^^^^^^^^^^^^

warning: unused import: `dioxus::prelude`
 --> src/state/app_state.rs:1:5
  |
1 | use dioxus::prelude::*;
  |     ^^^^^^^^^^^^^^^

warning: variable does not need to be mutable
  --> src/app.rs:38:9
   |
38 |     let mut state = use_context_provider(|| Signal::new(AppState::new()));
   |         ----^^^^^
   |         |
   |         help: remove this `mut`
   |
   = note: `#[warn(unused_mut)]` (part of `#[warn(unused)]`) on by default

warning: variable does not need to be mutable
  --> src/ui/screens/onboarding.rs:11:9
   |
11 |     let mut state = use_context::<Signal<AppState>>();
   |         ----^^^^^
   |         |
   |         help: remove this `mut`

warning: variable does not need to be mutable
  --> src/ui/screens/onboarding.rs:14:9
   |
14 |     let mut generated_key = use_signal(|| String::new());
   |         ----^^^^^^^^^^^^^
   |         |
   |         help: remove this `mut`

warning: unused variable: `short_key`
   --> src/ui/screens/onboarding.rs:196:9
    |
196 |     let short_key = if public_key.len() > 20 {
    |         ^^^^^^^^^ help: if this is intentional, prefix it with an underscore: `_short_key`
    |
    = note: `#[warn(unused_variables)]` (part of `#[warn(unused)]`) on by default

warning: variant `Degraded` is never constructed
  --> src/core/types.rs:62:5
   |
56 | pub enum TorStatus {
   |          --------- variant in this enum
...
62 |     Degraded,
   |     ^^^^^^^^
   |
   = note: `TorStatus` has derived impls for the traits `Clone` and `Debug`, but these are intentionally ignored during dead code analysis
   = note: `#[warn(dead_code)]` (part of `#[warn(unused)]`) on by default

warning: enum `AppScreen` is never used
  --> src/core/types.rs:91:10
   |
91 | pub enum AppScreen {
   |          ^^^^^^^^^

warning: enum `OnboardingStep` is never used
   --> src/core/types.rs:103:10
    |
103 | pub enum OnboardingStep {
    |          ^^^^^^^^^^^^^^

warning: enum `AutoClearDuration` is never used
   --> src/core/types.rs:111:10
    |
111 | pub enum AutoClearDuration {
    |          ^^^^^^^^^^^^^^^^^

warning: method `label` is never used
   --> src/core/types.rs:118:12
    |
117 | impl AutoClearDuration {
    | ---------------------- method in this implementation
118 |     pub fn label(&self) -> &'static str {
    |            ^^^^^

warning: struct `AppSettings` is never constructed
   --> src/core/types.rs:129:12
    |
129 | pub struct AppSettings {
    |            ^^^^^^^^^^^

warning: fields `signing_key`, `dh_secret`, and `dh_public` are never read
  --> src/core/identity.rs:15:9
   |
13 | pub struct Identity {
   |            -------- fields in this struct
14 |     /// Ed25519 signing key (private)
15 |     pub signing_key: SigningKey,
   |         ^^^^^^^^^^^
...
19 |     pub dh_secret: StaticSecret,
   |         ^^^^^^^^^
20 |     /// X25519 public key (shared for key agreement)
21 |     pub dh_public: X25519PublicKey,
   |         ^^^^^^^^^
   |
   = note: `Identity` has a derived impl for the trait `Clone`, but this is intentionally ignored during dead code analysis

warning: method `save_to_storage` is never used
  --> src/core/identity.rs:70:12
   |
32 | impl Identity {
   | ------------- method in this implementation
...
70 |     pub fn save_to_storage(&self, db: &sled::Db) -> Result<()> {
   |            ^^^^^^^^^^^^^^^

warning: struct `EncryptedMessage` is never constructed
  --> src/core/crypto.rs:15:12
   |
15 | pub struct EncryptedMessage {
   |            ^^^^^^^^^^^^^^^^

warning: struct `RatchetSession` is never constructed
  --> src/core/crypto.rs:30:12
   |
30 | pub struct RatchetSession {
   |            ^^^^^^^^^^^^^^

warning: associated items `initialize`, `encrypt`, `decrypt`, `ratchet_send`, `derive_recv_message_key`, and `ratchet_recv` are never used
   --> src/core/crypto.rs:49:12
    |
 47 | impl RatchetSession {
    | ------------------- associated items in this implementation
 48 |     /// Initialize a new ratchet session from a shared secret (from X25519 key agreement).
 49 |     pub fn initialize(
    |            ^^^^^^^^^^
...
 80 |     pub fn encrypt(&mut self, plaintext: &[u8]) -> Result<EncryptedMessage> {
    |            ^^^^^^^
...
109 |     pub fn decrypt(&mut self, msg: &EncryptedMessage) -> Result<Vec<u8>> {
    |            ^^^^^^^
...
132 |     fn ratchet_send(&mut self) -> [u8; 32] {
    |        ^^^^^^^^^^^^
...
149 |     fn derive_recv_message_key(&mut self) -> [u8; 32] {
    |        ^^^^^^^^^^^^^^^^^^^^^^^
...
165 |     fn ratchet_recv(&mut self, new_remote_public: X25519PublicKey) {
    |        ^^^^^^^^^^^^

warning: multiple associated items are never used
   --> src/core/storage.rs:29:12
    |
 19 | impl AppStorage {
    | --------------- associated items in this implementation
...
 29 |     pub fn open_temporary() -> Result<Self> {
    |            ^^^^^^^^^^^^^^
...
 45 |     pub fn save_contact(&self, contact: &Contact) -> Result<()> {
    |            ^^^^^^^^^^^^
...
 53 |     pub fn load_contact(&self, public_key: &str) -> Result<Option<Contact>> {
    |            ^^^^^^^^^^^^
...
 73 |     pub fn delete_contact(&self, public_key: &str) -> Result<()> {
    |            ^^^^^^^^^^^^^^
...
 82 |     pub fn save_message(&self, message: &Message) -> Result<()> {
    |            ^^^^^^^^^^^^
...
108 |     pub fn delete_thread(&self, thread_id: &str) -> Result<()> {
    |            ^^^^^^^^^^^^^
...
120 |     pub fn save_settings(&self, settings: &AppSettings) -> Result<()> {
    |            ^^^^^^^^^^^^^
...
129 |     pub fn load_settings(&self) -> Result<AppSettings> {
    |            ^^^^^^^^^^^^^
...
141 |     pub fn wipe_all(&self) -> Result<()> {
    |            ^^^^^^^^
...
149 |     pub fn flush(&self) -> Result<()> {
    |            ^^^^^
...
155 |     fn get_deserialized<T: DeserializeOwned>(&self, key: &str) -> Result<Option<T>> {
    |        ^^^^^^^^^^^^^^^^

warning: function `parse_incoming_message` is never used
  --> src/core/messaging.rs:48:8
   |
48 | pub fn parse_incoming_message(decrypted_payload: &[u8]) -> Result<Message> {
   |        ^^^^^^^^^^^^^^^^^^^^^^

warning: function `serialize_for_wire` is never used
  --> src/core/messaging.rs:55:8
   |
55 | pub fn serialize_for_wire(message: &Message) -> Result<Vec<u8>> {
   |        ^^^^^^^^^^^^^^^^^^

warning: fields `active_thread` and `search_query` are never read
  --> src/state/app_state.rs:18:9
   |
12 | pub struct AppState {
   |            -------- fields in this struct
...
18 |     pub active_thread: Option<String>,
   |         ^^^^^^^^^^^^^
...
30 |     pub search_query: String,
   |         ^^^^^^^^^^^^
   |
   = note: `AppState` has a derived impl for the trait `Clone`, but this is intentionally ignored during dead code analysis

warning: function `action_mark_read` is never used
  --> src/state/actions.rs:71:8
   |
71 | pub fn action_mark_read(state: &mut Signal<AppState>, contact_id: &str) {
   |        ^^^^^^^^^^^^^^^^

warning: function `action_delete_contact` is never used
  --> src/state/actions.rs:81:8
   |
81 | pub fn action_delete_contact(state: &mut Signal<AppState>, contact_id: &str) {
   |        ^^^^^^^^^^^^^^^^^^^^^

warning: function `action_update_tor_status` is never used
   --> src/state/actions.rs:100:8
    |
100 | pub fn action_update_tor_status(state: &mut Signal<AppState>, status: TorStatus) {
    |        ^^^^^^^^^^^^^^^^^^^^^^^^

warning: function `action_set_active_thread` is never used
   --> src/state/actions.rs:105:8
    |
105 | pub fn action_set_active_thread(state: &mut Signal<AppState>, contact_id: Option<String>) {
    |        ^^^^^^^^^^^^^^^^^^^^^^^^

warning: function `action_set_search` is never used
   --> src/state/actions.rs:110:8
    |
110 | pub fn action_set_search(state: &mut Signal<AppState>, query: String) {
    |        ^^^^^^^^^^^^^^^^^

warning: fields `bg_input`, `accent_amber`, `accent_orange`, and `border_active` are never read
  --> src/ui/theme.rs:12:9
   |
 7 | pub struct Theme {
   |            ----- fields in this struct
...
12 |     pub bg_input: &'static str,
   |         ^^^^^^^^
...
19 |     pub accent_amber: &'static str,
   |         ^^^^^^^^^^^^
20 |     pub accent_orange: &'static str,
   |         ^^^^^^^^^^^^^
...
29 |     pub border_active: &'static str,
   |         ^^^^^^^^^^^^^

warning: constant `SIZE_XS` is never used
  --> src/ui/theme.rs:56:15
   |
56 |     pub const SIZE_XS: &str = "11px";
   |               ^^^^^^^

warning: constant `SIZE_SM` is never used
  --> src/ui/theme.rs:57:15
   |
57 |     pub const SIZE_SM: &str = "13px";
   |               ^^^^^^^

warning: constant `SIZE_BASE` is never used
  --> src/ui/theme.rs:58:15
   |
58 |     pub const SIZE_BASE: &str = "15px";
   |               ^^^^^^^^^

warning: constant `SIZE_MD` is never used
  --> src/ui/theme.rs:59:15
   |
59 |     pub const SIZE_MD: &str = "17px";
   |               ^^^^^^^

warning: constant `SIZE_LG` is never used
  --> src/ui/theme.rs:60:15
   |
60 |     pub const SIZE_LG: &str = "20px";
   |               ^^^^^^^

warning: constant `SIZE_XL` is never used
  --> src/ui/theme.rs:61:15
   |
61 |     pub const SIZE_XL: &str = "24px";
   |               ^^^^^^^

warning: constant `SIZE_2XL` is never used
  --> src/ui/theme.rs:62:15
   |
62 |     pub const SIZE_2XL: &str = "32px";
   |               ^^^^^^^^

warning: constant `WEIGHT_REGULAR` is never used
  --> src/ui/theme.rs:64:15
   |
64 |     pub const WEIGHT_REGULAR: &str = "400";
   |               ^^^^^^^^^^^^^^

warning: constant `WEIGHT_MEDIUM` is never used
  --> src/ui/theme.rs:65:15
   |
65 |     pub const WEIGHT_MEDIUM: &str = "500";
   |               ^^^^^^^^^^^^^

warning: constant `WEIGHT_SEMIBOLD` is never used
  --> src/ui/theme.rs:66:15
   |
66 |     pub const WEIGHT_SEMIBOLD: &str = "600";
   |               ^^^^^^^^^^^^^^^

warning: constant `WEIGHT_BOLD` is never used
  --> src/ui/theme.rs:67:15
   |
67 |     pub const WEIGHT_BOLD: &str = "700";
   |               ^^^^^^^^^^^

warning: constant `FONT_FAMILY` is never used
  --> src/ui/theme.rs:69:15
   |
69 |     pub const FONT_FAMILY: &str = "'Inter', -apple-system, BlinkMacSystemFont, 'Segoe UI', Roboto, sans-serif";
   |               ^^^^^^^^^^^

warning: constant `FONT_MONO` is never used
  --> src/ui/theme.rs:70:15
   |
70 |     pub const FONT_MONO: &str = "'JetBrains Mono', 'Fira Code', 'Cascadia Code', monospace";
   |               ^^^^^^^^^

warning: constant `XS` is never used
  --> src/ui/theme.rs:75:15
   |
75 |     pub const XS: &str = "4px";
   |               ^^

warning: constant `SM` is never used
  --> src/ui/theme.rs:76:15
   |
76 |     pub const SM: &str = "8px";
   |               ^^

warning: constant `MD` is never used
  --> src/ui/theme.rs:77:15
   |
77 |     pub const MD: &str = "12px";
   |               ^^

warning: constant `BASE` is never used
  --> src/ui/theme.rs:78:15
   |
78 |     pub const BASE: &str = "16px";
   |               ^^^^

warning: constant `LG` is never used
  --> src/ui/theme.rs:79:15
   |
79 |     pub const LG: &str = "20px";
   |               ^^

warning: constant `XL` is never used
  --> src/ui/theme.rs:80:15
   |
80 |     pub const XL: &str = "24px";
   |               ^^

warning: constant `XXL` is never used
  --> src/ui/theme.rs:81:15
   |
81 |     pub const XXL: &str = "32px";
   |               ^^^

warning: constant `XXXL` is never used
  --> src/ui/theme.rs:82:15
   |
82 |     pub const XXXL: &str = "48px";
   |               ^^^^

warning: constant `XXXXL` is never used
  --> src/ui/theme.rs:83:15
   |
83 |     pub const XXXXL: &str = "64px";
   |               ^^^^^

warning: constant `SMALL` is never used
  --> src/ui/theme.rs:88:15
   |
88 |     pub const SMALL: &str = "8px";
   |               ^^^^^

warning: constant `MEDIUM` is never used
  --> src/ui/theme.rs:89:15
   |
89 |     pub const MEDIUM: &str = "16px";
   |               ^^^^^^

warning: constant `LARGE` is never used
  --> src/ui/theme.rs:90:15
   |
90 |     pub const LARGE: &str = "24px";
   |               ^^^^^

warning: constant `FULL` is never used
  --> src/ui/theme.rs:91:15
   |
91 |     pub const FULL: &str = "9999px";
   |               ^^^^

warning: constant `EASE_OUT_BACK` is never used
 --> src/ui/animations.rs:6:15
  |
6 |     pub const EASE_OUT_BACK: &str = "cubic-bezier(0.34, 1.56, 0.64, 1)";
  |               ^^^^^^^^^^^^^

warning: constant `EASE_OUT` is never used
 --> src/ui/animations.rs:7:15
  |
7 |     pub const EASE_OUT: &str = "ease-out";
  |               ^^^^^^^^

warning: function `slide_up` is never used
  --> src/ui/animations.rs:27:12
   |
27 |     pub fn slide_up() -> String {
   |            ^^^^^^^^

warning: function `slide_left` is never used
  --> src/ui/animations.rs:31:12
   |
31 |     pub fn slide_left() -> String {
   |            ^^^^^^^^^^

warning: function `message_pop` is never used
  --> src/ui/animations.rs:35:12
   |
35 |     pub fn message_pop() -> String {
   |            ^^^^^^^^^^^

warning: function `shimmer` is never used
  --> src/ui/animations.rs:51:12
   |
51 |     pub fn shimmer() -> String {
   |            ^^^^^^^

warning: function `fade_out` is never used
  --> src/ui/animations.rs:59:12
   |
59 |     pub fn fade_out() -> String {
   |            ^^^^^^^^

warning: constant `ALL_FAST` is never used
  --> src/ui/animations.rs:66:15
   |
66 |     pub const ALL_FAST: &str = "all 150ms ease";
   |               ^^^^^^^^

warning: constant `ALL_NORMAL` is never used
  --> src/ui/animations.rs:67:15
   |
67 |     pub const ALL_NORMAL: &str = "all 200ms ease";
   |               ^^^^^^^^^^

warning: constant `BACKGROUND_FAST` is never used
  --> src/ui/animations.rs:68:15
   |
68 |     pub const BACKGROUND_FAST: &str = "background 150ms ease";
   |               ^^^^^^^^^^^^^^^

warning: constant `TRANSFORM_FAST` is never used
  --> src/ui/animations.rs:69:15
   |
69 |     pub const TRANSFORM_FAST: &str = "transform 150ms ease";
   |               ^^^^^^^^^^^^^^

warning: constant `OPACITY_FAST` is never used
  --> src/ui/animations.rs:70:15
   |
70 |     pub const OPACITY_FAST: &str = "opacity 200ms ease";
   |               ^^^^^^^^^^^^

warning: variants `Success`, `Error`, and `Info` are never constructed
 --> src/ui/components/toast.rs:7:5
  |
6 | pub enum ToastKind {
  |          --------- variants in this enum
7 |     Success,
  |     ^^^^^^^
8 |     Error,
  |     ^^^^^
9 |     Info,
  |     ^^^^
  |
  = note: `ToastKind` has derived impls for the traits `Clone` and `Debug`, but these are intentionally ignored during dead code analysis

warning: methods `color` and `icon` are never used
  --> src/ui/components/toast.rs:13:12
   |
12 | impl ToastKind {
   | -------------- methods in this implementation
13 |     pub fn color(&self) -> &'static str {
   |            ^^^^^
...
21 |     pub fn icon(&self) -> &'static str {
   |            ^^^^

warning: `wraith` (bin "wraith") generated 72 warnings (run `cargo fix --bin "wraith" -p wraith` to apply 10 suggestions)
    Finished `dev` profile [unoptimized + debuginfo] target(s) in 1.67s
